# This file is generated automatically by infrastructure scripts. Please don't edit by hand.

Error: Expected something else.
   ╭─[crates/solidity/testing/snapshots/cst_output/Identifier/returns/input.sol:1:1]
   │
 1 │ returns
   · ┬  
   · ╰── Found 'r'.
───╯

Tree: null
