error: Expected a variant: 'Struct' or 'Enum' or 'Repeated' or 'Separated' or 'Precedence' or 'Trivia' or 'Keyword' or 'Token' or 'Fragment'
  --> src/fail/parsing/unrecognized_variant/test.rs:19:49
   |
19 |             Topic(title = "Topic Two", items = [Unrecognized(true)])
   |                                                 ^^^^^^^^^^^^
