# This file is generated automatically by infrastructure scripts. Please don't edit by hand.

Error: Expected '.' or '/' or '[' or 'c' or 'i' or 'o' or 'p'.
   ╭─[crates/solidity/testing/snapshots/cst_output/ContractDefinition/missing_field_type/input.sol:2:8]
   │
 2 │   field;
   ·        ┬  
   ·        ╰── Found ';'.
───╯

Tree: null
