# This file is generated automatically by infrastructure scripts. Please don't edit by hand.

Errors: 0

█ Rule(Expression) - (0..5)                       │
└──█ Rule(FunctionCallExpression) - (0..5)        │
   ├──█ Rule(MemberAccessExpression) - (0..3)     │
   │  ├──█ Rule(PrimaryExpression) - (0..1)       │
   │  │  └──► Token(Identifier) - (0..1)          │ x
   │  └──█ Group - (1..3)                         │
   │     ├──► Token(Period) - (1..2)              │ .
   │     └──► Token(Identifier) - (2..3)          │ y
   └──█ Group - (3..5)                            │
      └──█ Rule(ArgumentList) - (3..5)            │
         ├──► Token(OpenParen) - (3..4)           │ (
         └──► Token(CloseParen) - (4..5)          │ )
