# This file is generated automatically by infrastructure scripts. Please don't edit by hand.

Errors: 0

► Token(RawIdentifier) - (0..1)     │ _
