# This file is generated automatically by infrastructure scripts. Please don't edit by hand.

Errors: 0

► Token(SingleLineComment) - (0..330)     │ // Lorem ipsum dolor sit amet, consectetur adip...
