---
source: crates/solidity/outputs/rust_lib_tests/src/cst_output/mod.rs
input_file: crates/solidity/outputs/rust_lib_tests/tests/cst_output/contract_definition/unterminated_body/input.sol
---
Error: Expected / or a or b or c or e or f or i or m or r or s or t or u or }
   ╭─[<unknown>:1:18]
   │
 1 │ contract Sample {
   ·                  │ 
   ·                  ╰─ Found end of input
───╯
---

