# This file is generated automatically by infrastructure scripts. Please don't edit by hand.

Errors: 0

█ Rule(ExponentiationExpression) - (0..11)       │
├──█ Rule(ExponentiationExpression) - (0..6)     │
│  ├──► Token(RawIdentifier) - (0..1)            │ x
│  ├──► Token(StarStar) - (2..4)                 │ **
│  └──► Token(RawIdentifier) - (5..6)            │ y
├──► Token(StarStar) - (7..9)                    │ **
└──► Token(RawIdentifier) - (10..11)             │ z
