# This file is generated automatically by infrastructure scripts. Please don't edit by hand.

Errors: 0

█ Rule(ExponentiationExpression) - (0..11)        │
├──► Token(Identifier) - (0..1)                   │ x
├──► Token(StarStar) - (2..4)                     │ **
└──█ Rule(ExponentiationExpression) - (5..11)     │
   ├──► Token(Identifier) - (5..6)                │ y
   ├──► Token(StarStar) - (7..9)                  │ **
   └──► Token(Identifier) - (10..11)              │ z
