# This file is generated automatically by infrastructure scripts. Please don't edit by hand.

Errors: 0

► Token(Keyword) - (0..5)     │ while
