# This file is generated automatically by infrastructure scripts. Please don't edit by hand.

Errors: 0

► Token(RawIdentifier) - (0..2)     │ _a
