# This file is generated automatically by infrastructure scripts. Please don't edit by hand.

Errors: 0

► Token(MultilineComment) - (0..1985)     │ /*\n * Lorem ipsum dolor sit amet, consectetur ...
