error: Set entries must be unique.
 --> src/fail/parsing/duplicate_set_entry/test.rs:8:26
  |
8 |     versions = ["1.0.0", "1.0.0", "3.0.0"],
  |                          ^^^^^^^
