error: Parent scope is only enabled in '2.0.0..3.0.0'.
  --> src/fail/references/enabled_too_early/test.rs:27:79
   |
27 |                     fields = (field_1 = Optional(reference = Three, enabled = From("1.0.0")))
   |                                                                               ^^^^
