# This file is generated automatically by infrastructure scripts. Please don't edit by hand.

Errors: 0

► Token(Identifier) - (0..7)     │ returna
