error: Expected field: 'title'.
  --> src/fail/parsing/missing_field/test.rs:11:9
   |
11 |         topics = []
   |         ^^^^^^
