# This file is generated automatically by infrastructure scripts. Please don't edit by hand.

Errors: 0

► Token(MultilineComment) - (0..47)     │ /*\n * This is defined\n * on multiple lines.\n */
