# This file is generated automatically by infrastructure scripts. Please don't edit by hand.

Errors: 0

█ Rule(VersionPragma) - (0..15)                              │
├──► Token(Solidity) - (0..8)                                │ solidity
└──█ Rule(VersionPragmaSpecifiers) - (9..15)                 │
   └──█ Rule(VersionPragmaSpecifier) - (9..15)               │
      ├──► Token(VersionPragmaOperator) - (9..10)            │ <
      └──█ Rule(SeparatedVersionPragmaValues) - (10..15)     │
         ├──► Token(VersionPragmaValue) - (10..11)           │ 1
         ├──► Token(Period) - (11..12)                       │ .
         ├──► Token(VersionPragmaValue) - (12..13)           │ 0
         ├──► Token(Period) - (13..14)                       │ .
         └──► Token(VersionPragmaValue) - (14..15)           │ 0
