error: Item 'Baz1' is not reachable from grammar root.
  --> src/fail/reachability/unreachable/test.rs:19:31
   |
19 |                 Struct(name = Baz1, fields = (field = Required(Baz2))),
   |                               ^^^^

error: Item 'Baz2' is not reachable from grammar root.
  --> src/fail/reachability/unreachable/test.rs:20:31
   |
20 |                 Struct(name = Baz2, fields = (field = Required(Baz1)))
   |                               ^^^^
