# This file is generated automatically by infrastructure scripts. Please don't edit by hand.

Error: Expected '/' or 'a' or 'c'.
   â”€[crates/solidity/testing/snapshots/cst_output/ContractDefinition/zero_length_input/input.sol:0:0]

Tree: null
