error: Version '3.0.0' does not exist in the language definition.
  --> src/fail/references/version_not_found/test.rs:17:76
   |
17 |                         field_1 = Optional(reference = Two, enabled = From("3.0.0")),
   |                                                                            ^^^^^^^
